1 [132885283911552] INFO perfrun.launcher <> - Launcher main begin
2 [132885283911552] INFO perfrun.launcher <> - MessageCatalogInit finished
2 [132885283911552] INFO perfrun.launcher <> - Launcher instance created
2 [132885283911552] INFO perfrun.launcher <> - argc = 6; cmdline = /opt/intel/oneapi/vtune/2026.4/bin64/amplxe-runss -dump-vdso -r /home/kol/OpenFOAM/kol-v2312/applications/PARALLELISM/iso3dfd4MODES3BLOCKS/r000hs_generic --tmp-dir /tmp/amplxe-tmp-kol 
55 [132885283911552] INFO perfrun.perfcollector <> - SEP tool path: /opt/intel/oneapi/vtune/2026.4/bin64/sep
61 [132885283911552] INFO perfrun.launcher <> - create msngr2::ICliToolContext
61 [132885283911552] INFO perfrun.launcher <> - create file finder object
65 [132885124212416] INFO perfrun.launcher <> - plugin [remoteplug] was disabled because it doesn't support the given collection type.
65 [132885124212416] INFO perfrun.launcher <> - plugin [system] was disabled because it doesn't support the given collection type.
65 [132885124212416] INFO perfrun.vdso <> - dumping [vdso] pseudomodule
66 [132885124212416] INFO perfrun.launcher <> - plugin [itt] was disabled because it doesn't support the given collection type.
66 [132885124212416] INFO perfrun.launcher <> - plugin [ptracecollector] was disabled because it doesn't support the given collection type.
66 [132885124212416] INFO perfrun.launcher <> - plugin [gpu] was disabled because it doesn't support the given collection type.
66 [132885124212416] INFO perfrun.launcher <> - plugin [] was disabled because it doesn't support the given collection type.
66 [132885124212416] INFO perfrun.launcher <> - plugin [] was disabled because it doesn't support the given collection type.
66 [132885124212416] INFO perfrun.launcher <> - plugin [] was disabled because it doesn't support the given collection type.
66 [132885124212416] INFO perfrun.launcher <> - plugin [mrte] was disabled because it doesn't support the given collection type.
66 [132885124212416] INFO perfrun.launcher <> - plugin [emon] was disabled because it doesn't support the given collection type.
66 [132885124212416] INFO perfrun.launcher <> - plugin [cuscol] was disabled because it doesn't support the given collection type.
66 [132885124212416] INFO perfrun.launcher <> - plugin [stdsrc] was disabled because it doesn't support the given collection type.
66 [132885124212416] INFO perfrun.launcher <> - plugin [sep] was disabled because it doesn't support the given collection type.
66 [132885124212416] INFO perfrun.launcher <> - plugin [vtsspp] was disabled because it doesn't support the given collection type.
66 [132885124212416] INFO perfrun.launcher <> - plugin [perf] was disabled because it doesn't support the given collection type.
66 [132885124212416] INFO perfrun.launcher <> - plugin [aoclprofile] was disabled because it doesn't support the given collection type.
66 [132885124212416] INFO perfrun.launcher <> - plugin [tpss] was disabled because it doesn't support the given collection type.
66 [132885124212416] INFO perfrun.launcher <> - plugin [media] was disabled because it doesn't support the given collection type.
66 [132885124212416] INFO perfrun.launcher <> - plugin [] was disabled because it doesn't support the given collection type.
66 [132885124212416] INFO perfrun.launcher <> - plugin [] was disabled because it doesn't support the given collection type.
66 [132885124212416] INFO perfrun.launcher <> - plugin [parallelfs] was disabled because it doesn't support the given collection type.
66 [132885124212416] INFO perfrun.launcher <> - plugin [power] was disabled because it doesn't support the given collection type.
66 [132885124212416] INFO perfrun.launcher <> - plugin [] was disabled because it doesn't support the given collection type.
66 [132885124212416] INFO perfrun.launcher <> - plugin [] was disabled because it doesn't support the given collection type.
66 [132885124212416] INFO perfrun.launcher <> - plugin [] was disabled because it doesn't support the given collection type.
66 [132885124212416] INFO perfrun.launcher <> - plugin [l0_metrics] was disabled because it doesn't support the given collection type.
66 [132885124212416] INFO perfrun.launcher <> - plugin [stall_reasons] was disabled because it doesn't support the given collection type.
67 [132885283911552] INFO perfrun.launcher <> - Application exit code: 0
67 [132885283911552] INFO perfrun.launcher <> - Exit code: 0
