1 [133475097692032] INFO perfrun.launcher <> - Launcher main begin
2 [133475097692032] INFO perfrun.launcher <> - MessageCatalogInit finished
2 [133475097692032] INFO perfrun.launcher <> - Launcher instance created
2 [133475097692032] INFO perfrun.launcher <> - argc = 7; cmdline = /opt/intel/oneapi/vtune/2026.4/bin64/amplxe-runss --ui-output-format xml --ui-output-fd 5 --option-file /home/kol/OpenFOAM/kol-v2312/applications/PARALLELISM/iso3dfd4MODES3BLOCKS/r000hs_generic/config/runss.options 
56 [133475097692032] INFO perfrun.perfcollector <> - SEP tool path: /opt/intel/oneapi/vtune/2026.4/bin64/sep
63 [133475097692032] INFO perfrun.launcher <> - create msngr2::ICliToolContext
64 [133475097692032] INFO perfrun.launcher <> - create file finder object
64 [133475097692032] INFO perfrun.launcher <> - create a result directory: pattern = /home/kol/OpenFOAM/kol-v2312/applications/PARALLELISM/iso3dfd4MODES3BLOCKS/r000hs_generic pid = 4294967295
65 [133475097692032] INFO perfrun.sdk <> - checked that the directory /home/kol/OpenFOAM/kol-v2312/applications/PARALLELISM/iso3dfd4MODES3BLOCKS/r000hs_generic is a local directory
65 [133475097692032] INFO perfrun.sdk <> - the directory /home/kol/OpenFOAM/kol-v2312/applications/PARALLELISM/iso3dfd4MODES3BLOCKS/r000hs_generic is a local directory with FS type ID 61267
65 [133475097692032] INFO perfrun.launcher <> - create data directory = /home/kol/OpenFOAM/kol-v2312/applications/PARALLELISM/iso3dfd4MODES3BLOCKS/r000hs_generic/data.0
65 [133475097692032] INFO perfrun.launcher <> - Creating the master collection flag
67 [133475097692032] INFO perfrun.launcher <> - Done creating the master collection flag
72 [133474937726656] INFO perfrun.launcher <> - plugin [remoteplug] was disabled because it doesn't support the given collection type.
73 [133474937726656] INFO perfrun.sdk <> - Allocating TMU :/home/kol/OpenFOAM/kol-v2312/applications/PARALLELISM/iso3dfd4MODES3BLOCKS/r000hs_generic/data.0/systemcollector-51948-kol-serv.sc
73 [133474937726656] INFO perfrun.system <> - Tpss based collection
73 [133474937726656] INFO perfrun.launcher <> - plugin [ptracecollector] was disabled because it doesn't support the given collection type.
73 [133474937726656] INFO perfrun.launcher <> - plugin [gpu] was disabled because it doesn't support the given collection type.
73 [133474937726656] INFO perfrun.launcher <> - plugin [] was disabled because it doesn't support the given collection type.
73 [133474937726656] INFO perfrun.launcher <> - plugin [] was disabled because it doesn't support the given collection type.
73 [133474937726656] INFO perfrun.launcher <> - plugin [] was disabled because it doesn't support the given collection type.
73 [133474937726656] INFO perfrun.mrte <> - system-wide mode is 0
73 [133474937726656] INFO perfrun.mrte <> - Getting  mrte profiling environment ...
93 [133474937726656] INFO perfrun.mrte <> - INTEL_MRTE_DATA_DIR=/home/kol/OpenFOAM/kol-v2312/applications/PARALLELISM/iso3dfd4MODES3BLOCKS/r000hs_generic/data.0
93 [133474937726656] INFO perfrun.mrte <> - INTEL_MRTE_HOST_NAME=kol-serv
93 [133474937726656] INFO perfrun.mrte <> - JAVA_TOOL_OPTIONS=-agentlib:amplxe_samplingmrte_javaprof_1.0 -Dsun.boot.library.path=/opt/intel/oneapi/vtune/2026.4/lib64/runtime:/opt/intel/oneapi/vtune/2026.4/lib64/runtime
93 [133474937726656] INFO perfrun.mrte <> - LD_LIBRARY_PATH=/opt/intel/oneapi/vtune/2026.4/lib64/runtime:/opt/intel/oneapi/vtune/2026.4/lib64/runtime:/opt/intel/oneapi/tcm/1.5/lib:/opt/intel/oneapi/umf/1.1/lib:/opt/intel/oneapi/tcm/1.5/env/../lib:/opt/intel/oneapi/tbb/2023.1/env/../lib/intel64/gcc4.8:/opt/intel/oneapi/pti/1.1/lib:/opt/intel/oneapi/mpi/2021.18/opt/mpi/libfabric/lib:/opt/intel/oneapi/mpi/2021.18/lib:/opt/intel/oneapi/mkl/2026.1/lib:/opt/intel/oneapi/ishmem/1.6/lib:/opt/intel/oneapi/ippcp/2026.0/lib/:/opt/intel/oneapi/ipp/2026.0/lib:/opt/intel/oneapi/dnnl/2026.0/lib:/opt/intel/oneapi/debugger/2026.1/opt/debugger/lib:/opt/intel/oneapi/dal/2026.1/lib:/opt/intel/oneapi/compiler/2025.3/opt/compiler/lib:/opt/intel/oneapi/compiler/2025.3/lib:/opt/intel/oneapi/ccl/2022.1/lib/:/opt/intel/oneapi/tcm/1.5/lib:/opt/intel/oneapi/umf/1.1/lib:/opt/intel/oneapi/tcm/1.5/env/../lib:/opt/intel/oneapi/tbb/2023.1/env/../lib/intel64/gcc4.8:/opt/intel/oneapi/pti/1.1/lib:/opt/intel/oneapi/mpi/2021.18/opt/mpi/libfabric/lib:/opt/intel/oneapi/mpi/2021.18/lib:/opt/intel/oneapi/mkl/2026.1/lib:/opt/intel/oneapi/ishmem/1.6/lib:/opt/intel/oneapi/ippcp/2026.0/lib/:/opt/intel/oneapi/ipp/2026.0/lib:/opt/intel/oneapi/dnnl/2026.0/lib:/opt/intel/oneapi/debugger/2026.1/opt/debugger/lib:/opt/intel/oneapi/dal/2026.1/lib:/opt/intel/oneapi/compiler/2025.3/opt/compiler/lib:/opt/intel/oneapi/compiler/2025.3/lib:/opt/intel/oneapi/ccl/2022.1/lib/:/opt/intel/oneapi/tcm/1.5/lib:/opt/intel/oneapi/umf/1.1/lib:/opt/intel/oneapi/tcm/1.5/env/../lib:/opt/intel/oneapi/tbb/2023.1/env/../lib/intel64/gcc4.8:/opt/intel/oneapi/pti/1.1/lib:/opt/intel/oneapi/mpi/2021.18/opt/mpi/libfabric/lib:/opt/intel/oneapi/mpi/2021.18/lib:/opt/intel/oneapi/mkl/2026.1/lib:/opt/intel/oneapi/ishmem/1.6/lib:/opt/intel/oneapi/ippcp/2026.0/lib/:/opt/intel/oneapi/ipp/2026.0/lib:/opt/intel/oneapi/dnnl/2026.0/lib:/opt/intel/oneapi/debugger/2026.1/opt/debugger/lib:/opt/intel/oneapi/dal/2026.1/lib:/opt/intel/oneapi/compiler/2025.3/opt/compiler/lib:/opt/intel/oneapi/compiler/2025.3/lib:/opt/intel/oneapi/ccl/2022.1/lib/:/home/kol/OpenFOAM/kol-v2312/platforms/linux64IcxDPInt64Opt/lib:/home/kol/OpenFOAM/OpenFOAM-v2312/site/2312/platforms/linux64IcxDPInt64Opt/lib:/home/kol/OpenFOAM/OpenFOAM-v2312/platforms/linux64IcxDPInt64Opt/lib/intelmpi:/home/kol/OpenFOAM/OpenFOAM-v2312/platforms/linux64IcxDPInt64Opt/lib:/home/kol/OpenFOAM/ThirdParty-v2312/platforms/linux64IcxDPInt64/lib/intelmpi:/home/kol/OpenFOAM/ThirdParty-v2312/platforms/linux64IcxDPInt64/lib:/home/kol/OpenFOAM/ThirdParty-v2312/platforms/linux64Icx/fftw-3.3.10/lib:/home/kol/OpenFOAM/ThirdParty-v2312/platforms/linux64Icx/CGAL-4.14.3/lib64:/home/kol/OpenFOAM/ThirdParty-v2312/platforms/linux64Icx/boost_1_74_0/lib64:/opt/intel/oneapi/mpi/2021.18/lib/release:/opt/intel/oneapi/mpi/2021.18/lib:/home/kol/OpenFOAM/OpenFOAM-v2312/platforms/linux64IcxDPInt64Opt/lib/dummy:/opt/intel/oneapi/tcm/1.5/lib:/opt/intel/oneapi/umf/1.1/lib:/opt/intel/oneapi/tcm/1.5/env/../lib:/opt/intel/oneapi/tbb/2023.1/env/../lib/intel64/gcc4.8:/opt/intel/oneapi/pti/1.1/lib:/opt/intel/oneapi/mpi/2021.18/opt/mpi/libfabric/lib:/opt/intel/oneapi/mkl/2026.1/lib:/opt/intel/oneapi/ishmem/1.6/lib:/opt/intel/oneapi/ippcp/2026.0/lib/:/opt/intel/oneapi/ipp/2026.0/lib:/opt/intel/oneapi/dnnl/2026.0/lib:/opt/intel/oneapi/debugger/2026.1/opt/debugger/lib:/opt/intel/oneapi/dal/2026.1/lib:/opt/intel/oneapi/compiler/2025.3/opt/compiler/lib:/opt/intel/oneapi/compiler/2025.3/lib:/opt/intel/oneapi/ccl/2022.1/lib/
93 [133474937726656] INFO perfrun.mrte <> - CORECLR_ENABLE_PROFILING=1
93 [133474937726656] INFO perfrun.mrte <> - CORECLR_PROFILER={AA5E4821-E3B1-479c-B7FF-5AD047D22CED}
93 [133474937726656] INFO perfrun.mrte <> - CORECLR_PROFILER_PATH=/opt/intel/oneapi/vtune/2026.4/lib64/libamplxe_samplingmrte_clrprof_1.0.so
93 [133474937726656] INFO perfrun.mrte <> - INTEL_MRTE_PROFILER_MODE=mixed
93 [133474937726656] INFO perfrun.mrte <> - Data directory: /home/kol/OpenFOAM/kol-v2312/applications/PARALLELISM/iso3dfd4MODES3BLOCKS/r000hs_generic/data.0
93 [133474937726656] INFO perfrun.mrte <> - Mrte plugin is initialized
93 [133474937726656] INFO perfrun.launcher <> - plugin [emon] was disabled because it doesn't support the given collection type.
93 [133474937726656] INFO perfrun.launcher <> - plugin [cuscol] was disabled because it doesn't support the given collection type.
94 [133474937726656] INFO perfrun.launcher <> - plugin [stdsrc] was disabled because it doesn't support the given collection type.
94 [133474937726656] INFO perfrun.launcher <> - plugin [sep] was disabled because it doesn't support the given collection type.
94 [133474937726656] INFO perfrun.launcher <> - plugin [vtsspp] was disabled because it doesn't support the given collection type.
94 [133474937726656] INFO perfrun.launcher <> - plugin [perf] was disabled because it doesn't support the given collection type.
94 [133474937726656] INFO perfrun.launcher <> - plugin [aoclprofile] was disabled because it doesn't support the given collection type.
94 [133474937726656] INFO perfrun.tpss <> - initialize tpss controller
94 [133474937726656] INFO perfrun.tpss <> - configure collection mode: value = cpu:stack
94 [133474937726656] INFO perfrun.tpss <> - default obj-size-min=1024
94 [133474937726656] INFO perfrun.tpss <> - default hash-table-size=0
94 [133474937726656] INFO perfrun.launcher <> - plugin [media] was disabled because it doesn't support the given collection type.
94 [133474937726656] INFO perfrun.launcher <> - plugin [] was disabled because it doesn't support the given collection type.
94 [133474937726656] INFO perfrun.launcher <> - plugin [] was disabled because it doesn't support the given collection type.
94 [133474937726656] INFO perfrun.launcher <> - plugin [parallelfs] was disabled because it doesn't support the given collection type.
94 [133474937726656] INFO perfrun.launcher <> - plugin [power] was disabled because it doesn't support the given collection type.
94 [133474937726656] INFO perfrun.launcher <> - plugin [] was disabled because it doesn't support the given collection type.
94 [133474937726656] INFO perfrun.launcher <> - plugin [] was disabled because it doesn't support the given collection type.
94 [133474937726656] INFO perfrun.launcher <> - plugin [] was disabled because it doesn't support the given collection type.
94 [133474937726656] INFO perfrun.launcher <> - plugin [l0_metrics] was disabled because it doesn't support the given collection type.
94 [133474937726656] INFO perfrun.launcher <> - plugin [stall_reasons] was disabled because it doesn't support the given collection type.
94 [133475097692032] INFO perfrun.launcher <> - set environment variable: LD_LIBRARY_PATH = /opt/intel/oneapi/vtune/2026.4/lib64/runtime:/opt/intel/oneapi/tcm/1.5/lib:/opt/intel/oneapi/umf/1.1/lib:/opt/intel/oneapi/tcm/1.5/env/../lib:/opt/intel/oneapi/tbb/2023.1/env/../lib/intel64/gcc4.8:/opt/intel/oneapi/pti/1.1/lib:/opt/intel/oneapi/mpi/2021.18/opt/mpi/libfabric/lib:/opt/intel/oneapi/mpi/2021.18/lib:/opt/intel/oneapi/mkl/2026.1/lib:/opt/intel/oneapi/ishmem/1.6/lib:/opt/intel/oneapi/ippcp/2026.0/lib/:/opt/intel/oneapi/ipp/2026.0/lib:/opt/intel/oneapi/dnnl/2026.0/lib:/opt/intel/oneapi/debugger/2026.1/opt/debugger/lib:/opt/intel/oneapi/dal/2026.1/lib:/opt/intel/oneapi/compiler/2025.3/opt/compiler/lib:/opt/intel/oneapi/compiler/2025.3/lib:/opt/intel/oneapi/ccl/2022.1/lib/:/opt/intel/oneapi/tcm/1.5/lib:/opt/intel/oneapi/umf/1.1/lib:/opt/intel/oneapi/tcm/1.5/env/../lib:/opt/intel/oneapi/tbb/2023.1/env/../lib/intel64/gcc4.8:/opt/intel/oneapi/pti/1.1/lib:/opt/intel/oneapi/mpi/2021.18/opt/mpi/libfabric/lib:/opt/intel/oneapi/mpi/2021.18/lib:/opt/intel/oneapi/mkl/2026.1/lib:/opt/intel/oneapi/ishmem/1.6/lib:/opt/intel/oneapi/ippcp/2026.0/lib/:/opt/intel/oneapi/ipp/2026.0/lib:/opt/intel/oneapi/dnnl/2026.0/lib:/opt/intel/oneapi/debugger/2026.1/opt/debugger/lib:/opt/intel/oneapi/dal/2026.1/lib:/opt/intel/oneapi/compiler/2025.3/opt/compiler/lib:/opt/intel/oneapi/compiler/2025.3/lib:/opt/intel/oneapi/ccl/2022.1/lib/:/opt/intel/oneapi/tcm/1.5/lib:/opt/intel/oneapi/umf/1.1/lib:/opt/intel/oneapi/tcm/1.5/env/../lib:/opt/intel/oneapi/tbb/2023.1/env/../lib/intel64/gcc4.8:/opt/intel/oneapi/pti/1.1/lib:/opt/intel/oneapi/mpi/2021.18/opt/mpi/libfabric/lib:/opt/intel/oneapi/mpi/2021.18/lib:/opt/intel/oneapi/mkl/2026.1/lib:/opt/intel/oneapi/ishmem/1.6/lib:/opt/intel/oneapi/ippcp/2026.0/lib/:/opt/intel/oneapi/ipp/2026.0/lib:/opt/intel/oneapi/dnnl/2026.0/lib:/opt/intel/oneapi/debugger/2026.1/opt/debugger/lib:/opt/intel/oneapi/dal/2026.1/lib:/opt/intel/oneapi/compiler/2025.3/opt/compiler/lib:/opt/intel/oneapi/compiler/2025.3/lib:/opt/intel/oneapi/ccl/2022.1/lib/:/home/kol/OpenFOAM/kol-v2312/platforms/linux64IcxDPInt64Opt/lib:/home/kol/OpenFOAM/OpenFOAM-v2312/site/2312/platforms/linux64IcxDPInt64Opt/lib:/home/kol/OpenFOAM/OpenFOAM-v2312/platforms/linux64IcxDPInt64Opt/lib/intelmpi:/home/kol/OpenFOAM/OpenFOAM-v2312/platforms/linux64IcxDPInt64Opt/lib:/home/kol/OpenFOAM/ThirdParty-v2312/platforms/linux64IcxDPInt64/lib/intelmpi:/home/kol/OpenFOAM/ThirdParty-v2312/platforms/linux64IcxDPInt64/lib:/home/kol/OpenFOAM/ThirdParty-v2312/platforms/linux64Icx/fftw-3.3.10/lib:/home/kol/OpenFOAM/ThirdParty-v2312/platforms/linux64Icx/CGAL-4.14.3/lib64:/home/kol/OpenFOAM/ThirdParty-v2312/platforms/linux64Icx/boost_1_74_0/lib64:/opt/intel/oneapi/mpi/2021.18/lib/release:/opt/intel/oneapi/mpi/2021.18/lib:/home/kol/OpenFOAM/OpenFOAM-v2312/platforms/linux64IcxDPInt64Opt/lib/dummy:/opt/intel/oneapi/tcm/1.5/lib:/opt/intel/oneapi/umf/1.1/lib:/opt/intel/oneapi/tcm/1.5/env/../lib:/opt/intel/oneapi/tbb/2023.1/env/../lib/intel64/gcc4.8:/opt/intel/oneapi/pti/1.1/lib:/opt/intel/oneapi/mpi/2021.18/opt/mpi/libfabric/lib:/opt/intel/oneapi/mkl/2026.1/lib:/opt/intel/oneapi/ishmem/1.6/lib:/opt/intel/oneapi/ippcp/2026.0/lib/:/opt/intel/oneapi/ipp/2026.0/lib:/opt/intel/oneapi/dnnl/2026.0/lib:/opt/intel/oneapi/debugger/2026.1/opt/debugger/lib:/opt/intel/oneapi/dal/2026.1/lib:/opt/intel/oneapi/compiler/2025.3/opt/compiler/lib:/opt/intel/oneapi/compiler/2025.3/lib:/opt/intel/oneapi/ccl/2022.1/lib/
95 [133475097692032] INFO perfrun.launcher <> - set environment variable: INTEL_LIBITTNOTIFY64 = /opt/intel/oneapi/vtune/2026.4/lib64/runtime/libittnotify_collector.so
95 [133475097692032] INFO perfrun.launcher <> - set environment variable: INTEL_ITTNOTIFY_GROUPS = 
95 [133475097692032] INFO perfrun.launcher <> - set environment variable: INTEL_JIT_PROFILER64 = /opt/intel/oneapi/vtune/2026.4/lib64/runtime/libittnotify_collector.so
95 [133475097692032] INFO perfrun.launcher <> - set environment variable: CCL_ITT_LEVEL = 1
95 [133475097692032] INFO perfrun.launcher <> - set environment variable: ENABLE_JITPROFILING = 1
95 [133475097692032] INFO perfrun.launcher <> - set environment variable: CL_CONFIG_USE_VTUNE = True
95 [133475097692032] INFO perfrun.launcher <> - set environment variable: KMP_FORKJOIN_FRAMES = 0
95 [133475097692032] INFO perfrun.launcher <> - set environment variable: KMP_FORKJOIN_FRAMES_MODE = 0
95 [133475097692032] INFO perfrun.launcher <> - set environment variable: INTEL_MRTE_DATA_DIR = /home/kol/OpenFOAM/kol-v2312/applications/PARALLELISM/iso3dfd4MODES3BLOCKS/r000hs_generic/data.0
95 [133475097692032] INFO perfrun.launcher <> - set environment variable: INTEL_MRTE_HOST_NAME = kol-serv
95 [133475097692032] INFO perfrun.launcher <> - set environment variable: JAVA_TOOL_OPTIONS = -agentlib:amplxe_samplingmrte_javaprof_1.0 -Dsun.boot.library.path=/opt/intel/oneapi/vtune/2026.4/lib64/runtime:/opt/intel/oneapi/vtune/2026.4/lib64/runtime
96 [133475097692032] INFO perfrun.launcher <> - set environment variable: LD_LIBRARY_PATH = /opt/intel/oneapi/vtune/2026.4/lib64/runtime:/opt/intel/oneapi/vtune/2026.4/lib64/runtime:/opt/intel/oneapi/tcm/1.5/lib:/opt/intel/oneapi/umf/1.1/lib:/opt/intel/oneapi/tcm/1.5/env/../lib:/opt/intel/oneapi/tbb/2023.1/env/../lib/intel64/gcc4.8:/opt/intel/oneapi/pti/1.1/lib:/opt/intel/oneapi/mpi/2021.18/opt/mpi/libfabric/lib:/opt/intel/oneapi/mpi/2021.18/lib:/opt/intel/oneapi/mkl/2026.1/lib:/opt/intel/oneapi/ishmem/1.6/lib:/opt/intel/oneapi/ippcp/2026.0/lib/:/opt/intel/oneapi/ipp/2026.0/lib:/opt/intel/oneapi/dnnl/2026.0/lib:/opt/intel/oneapi/debugger/2026.1/opt/debugger/lib:/opt/intel/oneapi/dal/2026.1/lib:/opt/intel/oneapi/compiler/2025.3/opt/compiler/lib:/opt/intel/oneapi/compiler/2025.3/lib:/opt/intel/oneapi/ccl/2022.1/lib/:/opt/intel/oneapi/tcm/1.5/lib:/opt/intel/oneapi/umf/1.1/lib:/opt/intel/oneapi/tcm/1.5/env/../lib:/opt/intel/oneapi/tbb/2023.1/env/../lib/intel64/gcc4.8:/opt/intel/oneapi/pti/1.1/lib:/opt/intel/oneapi/mpi/2021.18/opt/mpi/libfabric/lib:/opt/intel/oneapi/mpi/2021.18/lib:/opt/intel/oneapi/mkl/2026.1/lib:/opt/intel/oneapi/ishmem/1.6/lib:/opt/intel/oneapi/ippcp/2026.0/lib/:/opt/intel/oneapi/ipp/2026.0/lib:/opt/intel/oneapi/dnnl/2026.0/lib:/opt/intel/oneapi/debugger/2026.1/opt/debugger/lib:/opt/intel/oneapi/dal/2026.1/lib:/opt/intel/oneapi/compiler/2025.3/opt/compiler/lib:/opt/intel/oneapi/compiler/2025.3/lib:/opt/intel/oneapi/ccl/2022.1/lib/:/opt/intel/oneapi/tcm/1.5/lib:/opt/intel/oneapi/umf/1.1/lib:/opt/intel/oneapi/tcm/1.5/env/../lib:/opt/intel/oneapi/tbb/2023.1/env/../lib/intel64/gcc4.8:/opt/intel/oneapi/pti/1.1/lib:/opt/intel/oneapi/mpi/2021.18/opt/mpi/libfabric/lib:/opt/intel/oneapi/mpi/2021.18/lib:/opt/intel/oneapi/mkl/2026.1/lib:/opt/intel/oneapi/ishmem/1.6/lib:/opt/intel/oneapi/ippcp/2026.0/lib/:/opt/intel/oneapi/ipp/2026.0/lib:/opt/intel/oneapi/dnnl/2026.0/lib:/opt/intel/oneapi/debugger/2026.1/opt/debugger/lib:/opt/intel/oneapi/dal/2026.1/lib:/opt/intel/oneapi/compiler/2025.3/opt/compiler/lib:/opt/intel/oneapi/compiler/2025.3/lib:/opt/intel/oneapi/ccl/2022.1/lib/:/home/kol/OpenFOAM/kol-v2312/platforms/linux64IcxDPInt64Opt/lib:/home/kol/OpenFOAM/OpenFOAM-v2312/site/2312/platforms/linux64IcxDPInt64Opt/lib:/home/kol/OpenFOAM/OpenFOAM-v2312/platforms/linux64IcxDPInt64Opt/lib/intelmpi:/home/kol/OpenFOAM/OpenFOAM-v2312/platforms/linux64IcxDPInt64Opt/lib:/home/kol/OpenFOAM/ThirdParty-v2312/platforms/linux64IcxDPInt64/lib/intelmpi:/home/kol/OpenFOAM/ThirdParty-v2312/platforms/linux64IcxDPInt64/lib:/home/kol/OpenFOAM/ThirdParty-v2312/platforms/linux64Icx/fftw-3.3.10/lib:/home/kol/OpenFOAM/ThirdParty-v2312/platforms/linux64Icx/CGAL-4.14.3/lib64:/home/kol/OpenFOAM/ThirdParty-v2312/platforms/linux64Icx/boost_1_74_0/lib64:/opt/intel/oneapi/mpi/2021.18/lib/release:/opt/intel/oneapi/mpi/2021.18/lib:/home/kol/OpenFOAM/OpenFOAM-v2312/platforms/linux64IcxDPInt64Opt/lib/dummy:/opt/intel/oneapi/tcm/1.5/lib:/opt/intel/oneapi/umf/1.1/lib:/opt/intel/oneapi/tcm/1.5/env/../lib:/opt/intel/oneapi/tbb/2023.1/env/../lib/intel64/gcc4.8:/opt/intel/oneapi/pti/1.1/lib:/opt/intel/oneapi/mpi/2021.18/opt/mpi/libfabric/lib:/opt/intel/oneapi/mkl/2026.1/lib:/opt/intel/oneapi/ishmem/1.6/lib:/opt/intel/oneapi/ippcp/2026.0/lib/:/opt/intel/oneapi/ipp/2026.0/lib:/opt/intel/oneapi/dnnl/2026.0/lib:/opt/intel/oneapi/debugger/2026.1/opt/debugger/lib:/opt/intel/oneapi/dal/2026.1/lib:/opt/intel/oneapi/compiler/2025.3/opt/compiler/lib:/opt/intel/oneapi/compiler/2025.3/lib:/opt/intel/oneapi/ccl/2022.1/lib/
96 [133475097692032] INFO perfrun.launcher <> - set environment variable: CORECLR_ENABLE_PROFILING = 1
96 [133475097692032] INFO perfrun.launcher <> - set environment variable: CORECLR_PROFILER = {AA5E4821-E3B1-479c-B7FF-5AD047D22CED}
96 [133475097692032] INFO perfrun.launcher <> - set environment variable: CORECLR_PROFILER_PATH = /opt/intel/oneapi/vtune/2026.4/lib64/libamplxe_samplingmrte_clrprof_1.0.so
96 [133475097692032] INFO perfrun.launcher <> - set environment variable: INTEL_MRTE_PROFILER_MODE = mixed
96 [133475097692032] INFO perfrun.launcher <> - RpcServer: run RPC server to handle requests
96 [133475097692032] INFO perfrun.launcher <> - Launcher: command line to start before modification = ./build-vtune-hotspots/iso3dfd 256 256 256 64 64 64 100 sequential
96 [133475097692032] INFO perfrun.launcher <> - Launcher: command line to start after modification = /opt/intel/oneapi/vtune/2026.4/bin64/pin -error_file /home/kol/OpenFOAM/kol-v2312/applications/PARALLELISM/iso3dfd4MODES3BLOCKS/r000hs_generic/data.0/pinerr.tpsslog -detach_reattach -follow_execv -tool_load_option deepbind -t64 /opt/intel/oneapi/vtune/2026.4/lib64/libtpsstool.so -t /opt/intel/oneapi/vtune/2026.4/lib64/libtpsstool.so -server_name tpss_ipc.51948 -prd_dir /opt/intel/oneapi/vtune/2026.4 -- ./build-vtune-hotspots/iso3dfd 256 256 256 64 64 64 100 sequential
96 [133475097692032] INFO perfrun.launcher <> - ProcessCreator object was created
98 [133475097692032] INFO perfrun.launcher <> - Launcher: the process was started in suspend mode
103 [133474937726656] WARN perfrun.system <> - Could not do anything with /sys/kernel/debug/kvm: boost::filesystem::status: Permission denied [system:13]: "/sys/kernel/debug/kvm", at file: vcs/perfrun1/plugins/system/src/trace_writer.cpp:791
103 [133474937726656] WARN perfrun.system <> - Folder "/var/run/libvirt/qemu/"doesn't exist, at file: vcs/perfrun1/plugins/system/src/trace_writer.cpp:804
108 [133474937726656] WARN perfrun.sdk <> - Failed to find xl binary on any of the system paths: /bin, /sbin, /usr/bin, /usr/sbin., at file: vcs/perfrun1/sdk/src/utils.cpp:204
108 [133474937726656] WARN perfrun.system <> - Could not start ContainerMapping collector, at file: vcs/perfrun1/plugins/system/src/controller.cpp:450
215 [133474937726656] INFO perfrun.vdso <> - Helper runtool '/opt/intel/oneapi/vtune/2026.4/bin64/amplxe-runss -dump-vdso -r /home/kol/OpenFOAM/kol-v2312/applications/PARALLELISM/iso3dfd4MODES3BLOCKS/r000hs_generic --tmp-dir /tmp/amplxe-tmp-kol' returned 0
309 [133474937726656] INFO perfrun.vdso <> - Helper runtool '/opt/intel/oneapi/vtune/2026.4/bin64/amplxe-runss -dump-vdso -r /home/kol/OpenFOAM/kol-v2312/applications/PARALLELISM/iso3dfd4MODES3BLOCKS/r000hs_generic --tmp-dir /tmp/amplxe-tmp-kol' returned 0
309 [133474937726656] INFO perfrun.itt <> - start itt controller for pid #51954
310 [133474937726656] INFO perfrun.tpss <> - start tpss controller for pid #51954
360 [133475097692032] INFO perfrun.launcher <> - Launcher: all plugins were started
360 [133475097692032] INFO perfrun.launcher <> - DirectoryMonitor object was created
360 [133475097692032] INFO perfrun.launcher <> - DirectoryMonitor: a callback was added
360 [133475097692032] INFO perfrun.launcher <> - DirectoryMonitor was started with pingTime = 1000
360 [133475097692032] INFO perfrun.launcher <> - DeadlineTimer is going to be constructed
361 [133475097692032] INFO perfrun.launcher <> - DeadlineTimer: a callback was added
364 [133475097692032] INFO perfrun.launcher <> - Launcher: resume the profiled application and  wait its termination or stop command
44981 [133475097692032] INFO perfrun.launcher <> - Launcher: the profiled application was terminated  with exit code = 0
44990 [133474937726656] INFO perfrun.itt <> - detach itt controller
44990 [133474937726656] INFO perfrun.itt <> - detach itt controller done
44990 [133474937726656] INFO perfrun.tpss <> - stop tpss controller
44991 [133474937726656] INFO perfrun.sdk <> - De-allocating TMU: /home/kol/OpenFOAM/kol-v2312/applications/PARALLELISM/iso3dfd4MODES3BLOCKS/r000hs_generic/data.0/systemcollector-51948-kol-serv.sc
44991 [133474937726656] INFO perfrun.system <> - closed the system trace file: /home/kol/OpenFOAM/kol-v2312/applications/PARALLELISM/iso3dfd4MODES3BLOCKS/r000hs_generic/data.0/systemcollector-51948-kol-serv.sc
44991 [133475097692032] INFO perfrun.launcher <> - Launcher: all plugins were stopped.
44991 [133475097692032] INFO perfrun.launcher <> - DeadlineTimer is going to be destroyed
44991 [133475097692032] INFO perfrun.launcher <> - DeadlineTimer was destroyed
44991 [133475097692032] INFO perfrun.launcher <> - DirectoryMonitor object was destroyed
44991 [133475097692032] WARN perfrun.launcher <> - Stop command is ignored because it is received when collection is already stopped, at file: vcs/perfrun1/launcher/src/command_handler.cpp:226
44992 [133475097692032] INFO perfrun.launcher <> - Application exit code: 0
44992 [133475097692032] INFO perfrun.launcher <> - Exit code: 0
