========================================
iso3dfd — повтор всех запусков
Дата: 2026-09-27 17:51:35
Сервер: kol-serv
========================================

========================================
>>> Запуск 1: sequential
--- Переменные окружения ---
OMP_NUM_THREADS=<unset>
OMP_PROC_BIND=<unset>
OMP_PLACES=<unset>
I_MPI_PIN=<unset>
I_MPI_PIN_DOMAIN=<unset>
I_MPI_PIN_ORDER=<unset>
--- Команда ---
./build/iso3dfd 256 256 256 16 8 64 100 sequential
--- Вывод ---
iso3dfd — 3D isotropic finite-difference solver
Grid:        256 x 256 x 256
Block:       16 x 8 x 64
Iterations:  100
Half-length: 8 (16th-order stencil)
------------------------------------------------
------------------------------------------------
Time:         51.446 s
Performance:  1.69 GFLOPS
Lattice:      13824000 points/iteration

========================================
>>> Запуск 2: pure_mpi 12 (n3=480)
--- Переменные окружения ---
OMP_NUM_THREADS=1
OMP_PROC_BIND=<unset>
OMP_PLACES=<unset>
I_MPI_PIN=on
I_MPI_PIN_DOMAIN=0xFFF
I_MPI_PIN_ORDER=compact
--- Команда ---
mpirun -n 12 ./build/iso3dfd 256 256 480 16 8 40 100 pure_mpi
--- Вывод ---
iso3dfd — 3D isotropic finite-difference solver
Grid:        256 x 256 x 40
Block:       16 x 8 x 40
Iterations:  100
Half-length: 8 (16th-order stencil)
------------------------------------------------
------------------------------------------------
Time:         15.182 s
Performance:  0.57 GFLOPS
Lattice:      1382400 points/iteration

========================================
>>> Запуск 3: pure_mpi 2 (n3=256)
--- Переменные окружения ---
OMP_NUM_THREADS=1
OMP_PROC_BIND=<unset>
OMP_PLACES=<unset>
I_MPI_PIN=on
I_MPI_PIN_DOMAIN=0x3F,0xFC0
I_MPI_PIN_ORDER=compact
--- Команда ---
mpirun -n 2 ./build/iso3dfd 256 256 256 16 8 128 100 pure_mpi
--- Вывод ---
iso3dfd — 3D isotropic finite-difference solver
Grid:        256 x 256 x 128
Block:       16 x 8 x 128
Iterations:  100
Half-length: 8 (16th-order stencil)
------------------------------------------------
------------------------------------------------
Time:         26.988 s
Performance:  1.51 GFLOPS
Lattice:      6451200 points/iteration

========================================
>>> Запуск 4: hybrid 2×6 (256³)
--- Переменные окружения ---
OMP_NUM_THREADS=6
OMP_PROC_BIND=close
OMP_PLACES=cores
I_MPI_PIN=on
I_MPI_PIN_DOMAIN=0x3F,0xFC0
I_MPI_PIN_ORDER=compact
--- Команда ---
mpirun -n 2 ./build/iso3dfd 256 256 256 16 8 128 100 hybrid
--- Вывод ---
iso3dfd — 3D isotropic finite-difference solver
Grid:        256 x 256 x 128
Block:       16 x 8 x 128
Iterations:  100
Half-length: 8 (16th-order stencil)
------------------------------------------------
------------------------------------------------
Time:         6.918 s
Performance:  5.88 GFLOPS
Lattice:      6451200 points/iteration

========================================
>>> Запуск 5: pure_omp 12 (256³)
--- Переменные окружения ---
OMP_NUM_THREADS=12
OMP_PROC_BIND=close
OMP_PLACES=cores
I_MPI_PIN=<unset>
I_MPI_PIN_DOMAIN=<unset>
I_MPI_PIN_ORDER=<unset>
--- Команда ---
./build/iso3dfd 256 256 256 16 8 64 100 pure_omp
--- Вывод ---
iso3dfd — 3D isotropic finite-difference solver
Grid:        256 x 256 x 256
Block:       16 x 8 x 64
Iterations:  100
Half-length: 8 (16th-order stencil)
------------------------------------------------
------------------------------------------------
Time:         5.855 s
Performance:  14.88 GFLOPS
Lattice:      13824000 points/iteration

========================================
>>> Запуск 6: pure_mpi 12 (n3=960)
--- Переменные окружения ---
OMP_NUM_THREADS=1
OMP_PROC_BIND=<unset>
OMP_PLACES=<unset>
I_MPI_PIN=on
I_MPI_PIN_DOMAIN=0xFFF
I_MPI_PIN_ORDER=compact
--- Команда ---
mpirun -n 12 ./build/iso3dfd 256 256 960 16 8 80 100 pure_mpi
--- Вывод ---
iso3dfd — 3D isotropic finite-difference solver
Grid:        256 x 256 x 80
Block:       16 x 8 x 80
Iterations:  100
Half-length: 8 (16th-order stencil)
------------------------------------------------
------------------------------------------------
Time:         28.799 s
Performance:  0.81 GFLOPS
Lattice:      3686400 points/iteration

========================================
>>> Запуск 7: hybrid 2×6 (512×512×256)
--- Переменные окружения ---
OMP_NUM_THREADS=6
OMP_PROC_BIND=close
OMP_PLACES=cores
I_MPI_PIN=on
I_MPI_PIN_DOMAIN=0x3F,0xFC0
I_MPI_PIN_ORDER=compact
--- Команда ---
mpirun -n 2 ./build/iso3dfd 512 512 256 16 8 128 100 hybrid
--- Вывод ---
iso3dfd — 3D isotropic finite-difference solver
Grid:        512 x 512 x 128
Block:       16 x 8 x 128
Iterations:  100
Half-length: 8 (16th-order stencil)
------------------------------------------------
------------------------------------------------
Time:         41.078 s
Performance:  4.23 GFLOPS
Lattice:      27553792 points/iteration

========================================
>>> Запуск 0: pure_mpi 12 (n3=240, деградированный)
--- Переменные окружения ---
OMP_NUM_THREADS=1
OMP_PROC_BIND=<unset>
OMP_PLACES=<unset>
I_MPI_PIN=on
I_MPI_PIN_DOMAIN=0xFFF
I_MPI_PIN_ORDER=compact
--- Команда ---
mpirun -n 12 ./build/iso3dfd 256 256 240 16 8 20 100 pure_mpi
--- Вывод ---
iso3dfd — 3D isotropic finite-difference solver
Grid:        256 x 256 x 20
Block:       16 x 8 x 20
Iterations:  100
Half-length: 8 (16th-order stencil)
------------------------------------------------
------------------------------------------------
Time:         7.891 s
Performance:  0.18 GFLOPS
Lattice:      230400 points/iteration

========================================
>>> Запуск 8: hybrid 1×8 (n3=480, адаптированный)
--- Переменные окружения ---
OMP_NUM_THREADS=8
OMP_PROC_BIND=close
OMP_PLACES=cores
I_MPI_PIN=on
I_MPI_PIN_DOMAIN=0xFF
I_MPI_PIN_ORDER=compact
--- Команда ---
mpirun -np 1 ./build-vtune-hotspots/iso3dfd 256 256 480 64 64 64 2000 hybrid
--- Вывод ---
iso3dfd — 3D isotropic finite-difference solver
Grid:        256 x 256 x 480
Block:       64 x 64 x 64
Iterations:  2000
Half-length: 8 (16th-order stencil)
------------------------------------------------
------------------------------------------------
Time:         226.797 s
Performance:  14.85 GFLOPS
Lattice:      26726400 points/iteration

========================================
>>> Запуск 9: hybrid 1×12 (n3=480, адаптированный)
--- Переменные окружения ---
OMP_NUM_THREADS=12
OMP_PROC_BIND=close
OMP_PLACES=cores
I_MPI_PIN=on
I_MPI_PIN_DOMAIN=0xFFF
I_MPI_PIN_ORDER=compact
--- Команда ---
mpirun -np 1 ./build-vtune-hotspots/iso3dfd 256 256 480 64 64 64 2000 hybrid
--- Вывод ---
iso3dfd — 3D isotropic finite-difference solver
Grid:        256 x 256 x 480
Block:       64 x 64 x 64
Iterations:  2000
Half-length: 8 (16th-order stencil)
------------------------------------------------
------------------------------------------------
Time:         167.900 s
Performance:  20.06 GFLOPS
Lattice:      26726400 points/iteration

========================================
>>> Запуск 10: hybrid 2×6 (n3=480, адаптированный)
--- Переменные окружения ---
OMP_NUM_THREADS=6
OMP_PROC_BIND=close
OMP_PLACES=cores
I_MPI_PIN=on
I_MPI_PIN_DOMAIN=0x3F,0xFC0
I_MPI_PIN_ORDER=compact
--- Команда ---
mpirun -np 2 ./build-vtune-hotspots/iso3dfd 256 256 480 64 64 64 2000 hybrid
--- Вывод ---
iso3dfd — 3D isotropic finite-difference solver
Grid:        256 x 256 x 240
Block:       64 x 64 x 64
Iterations:  2000
Half-length: 8 (16th-order stencil)
------------------------------------------------
------------------------------------------------
Time:         175.326 s
Performance:  9.27 GFLOPS
Lattice:      12902400 points/iteration

========================================
Все запуски завершены: 2026-09-27 18:04:15
Лог: iso3dfd_rerun_20260927_175135.log
========================================
