3 [136780180357824] INFO perfrun.launcher <> - Launcher main begin
4 [136780180357824] INFO perfrun.launcher <> - MessageCatalogInit finished
4 [136780180357824] INFO perfrun.launcher <> - Launcher instance created
4 [136780180357824] INFO perfrun.launcher <> - argc = 7; cmdline = /opt/intel/oneapi/vtune/2026.4/bin64/amplxe-runss --ui-output-format xml --ui-output-fd 12 --option-file /home/kol/OpenFOAM/kol-v2312/applications/PARALLELISM/NPB-Intel-MPI-Benchmarks-VTune-OpenFOAM-stack-My-github/iso3dfd_omp_offload/build/src/vtune_hotspots_mpi.kol-serv/config/runss.options.10 
62 [136780180357824] INFO perfrun.perfcollector <> - SEP tool path: /opt/intel/oneapi/vtune/2026.4/bin64/sep
70 [136780180357824] INFO perfrun.launcher <> - create msngr2::ICliToolContext
70 [136780180357824] INFO perfrun.launcher <> - create file finder object
70 [136780180357824] INFO perfrun.launcher <> - create a result directory: pattern = /home/kol/OpenFOAM/kol-v2312/applications/PARALLELISM/NPB-Intel-MPI-Benchmarks-VTune-OpenFOAM-stack-My-github/iso3dfd_omp_offload/build/src/vtune_hotspots_mpi.kol-serv pid = 4294967295
72 [136780180357824] INFO perfrun.sdk <> - checked that the directory /home/kol/OpenFOAM/kol-v2312/applications/PARALLELISM/NPB-Intel-MPI-Benchmarks-VTune-OpenFOAM-stack-My-github/iso3dfd_omp_offload/build/src/vtune_hotspots_mpi.kol-serv is a local directory
72 [136780180357824] INFO perfrun.sdk <> - the directory /home/kol/OpenFOAM/kol-v2312/applications/PARALLELISM/NPB-Intel-MPI-Benchmarks-VTune-OpenFOAM-stack-My-github/iso3dfd_omp_offload/build/src/vtune_hotspots_mpi.kol-serv is a local directory with FS type ID 61267
72 [136780180357824] INFO perfrun.launcher <> - create data directory = /home/kol/OpenFOAM/kol-v2312/applications/PARALLELISM/NPB-Intel-MPI-Benchmarks-VTune-OpenFOAM-stack-My-github/iso3dfd_omp_offload/build/src/vtune_hotspots_mpi.kol-serv/data.10
73 [136780180357824] INFO perfrun.launcher <> - Creating the master collection flag
73 [136780180357824] INFO perfrun.launcher <> - Done creating the master collection flag
75 [136780019918528] INFO perfrun.launcher <> - plugin [remoteplug] was disabled because it doesn't support the given collection type.
76 [136780019918528] INFO perfrun.sdk <> - Allocating TMU :/home/kol/OpenFOAM/kol-v2312/applications/PARALLELISM/NPB-Intel-MPI-Benchmarks-VTune-OpenFOAM-stack-My-github/iso3dfd_omp_offload/build/src/vtune_hotspots_mpi.kol-serv/data.10/systemcollector-28203-kol-serv.sc
76 [136780019918528] INFO perfrun.launcher <> - plugin [vdso] was disabled because it doesn't support the given collection type.
76 [136780019918528] INFO perfrun.launcher <> - plugin [ptracecollector] was disabled because it doesn't support the given collection type.
76 [136780019918528] INFO perfrun.launcher <> - plugin [gpu] was disabled because it doesn't support the given collection type.
76 [136780019918528] INFO perfrun.launcher <> - plugin [] was disabled because it doesn't support the given collection type.
76 [136780019918528] INFO perfrun.launcher <> - plugin [] was disabled because it doesn't support the given collection type.
76 [136780019918528] INFO perfrun.launcher <> - plugin [] was disabled because it doesn't support the given collection type.
76 [136780019918528] INFO perfrun.mrte <> - system-wide mode is 0
76 [136780019918528] INFO perfrun.mrte <> - Getting  mrte profiling environment ...
87 [136780019918528] INFO perfrun.mrte <> - INTEL_MRTE_DATA_DIR=/home/kol/OpenFOAM/kol-v2312/applications/PARALLELISM/NPB-Intel-MPI-Benchmarks-VTune-OpenFOAM-stack-My-github/iso3dfd_omp_offload/build/src/vtune_hotspots_mpi.kol-serv/data.10
87 [136780019918528] INFO perfrun.mrte <> - INTEL_MRTE_HOST_NAME=kol-serv
87 [136780019918528] INFO perfrun.mrte <> - JAVA_TOOL_OPTIONS=-agentlib:amplxe_samplingmrte_javaprof_1.0 -Dsun.boot.library.path=/opt/intel/oneapi/vtune/2026.4/lib64/runtime:/opt/intel/oneapi/vtune/2026.4/lib64/runtime
87 [136780019918528] INFO perfrun.mrte <> - LD_LIBRARY_PATH=/opt/intel/oneapi/vtune/2026.4/lib64/runtime:/opt/intel/oneapi/vtune/2026.4/lib64/runtime:/opt/intel/oneapi/tcm/1.5/lib:/opt/intel/oneapi/umf/1.1/lib:/opt/intel/oneapi/tcm/1.5/env/../lib:/opt/intel/oneapi/tbb/2023.1/env/../lib/intel64/gcc4.8:/opt/intel/oneapi/pti/1.1/lib:/opt/intel/oneapi/mpi/2021.18/opt/mpi/libfabric/lib:/opt/intel/oneapi/mpi/2021.18/lib:/opt/intel/oneapi/mkl/2026.1/lib:/opt/intel/oneapi/ishmem/1.6/lib:/opt/intel/oneapi/ippcp/2026.0/lib/:/opt/intel/oneapi/ipp/2026.0/lib:/opt/intel/oneapi/dnnl/2026.0/lib:/opt/intel/oneapi/debugger/2026.1/opt/debugger/lib:/opt/intel/oneapi/dal/2026.1/lib:/opt/intel/oneapi/compiler/2025.3/opt/compiler/lib:/opt/intel/oneapi/compiler/2025.3/lib:/opt/intel/oneapi/ccl/2022.1/lib/
87 [136780019918528] INFO perfrun.mrte <> - CORECLR_ENABLE_PROFILING=1
87 [136780019918528] INFO perfrun.mrte <> - CORECLR_PROFILER={AA5E4821-E3B1-479c-B7FF-5AD047D22CED}
87 [136780019918528] INFO perfrun.mrte <> - CORECLR_PROFILER_PATH=/opt/intel/oneapi/vtune/2026.4/lib64/libamplxe_samplingmrte_clrprof_1.0.so
87 [136780019918528] INFO perfrun.mrte <> - INTEL_MRTE_PROFILER_MODE=mixed
87 [136780019918528] INFO perfrun.mrte <> - Data directory: /home/kol/OpenFOAM/kol-v2312/applications/PARALLELISM/NPB-Intel-MPI-Benchmarks-VTune-OpenFOAM-stack-My-github/iso3dfd_omp_offload/build/src/vtune_hotspots_mpi.kol-serv/data.10
87 [136780019918528] INFO perfrun.mrte <> - Mrte plugin is initialized
87 [136780019918528] INFO perfrun.launcher <> - plugin [emon] was disabled because it doesn't support the given collection type.
87 [136780019918528] INFO perfrun.launcher <> - plugin [cuscol] was disabled because it doesn't support the given collection type.
87 [136780019918528] INFO perfrun.launcher <> - plugin [stdsrc] was disabled because it doesn't support the given collection type.
87 [136780019918528] INFO perfrun.launcher <> - plugin [sep] was disabled because it doesn't support the given collection type.
87 [136780019918528] INFO perfrun.launcher <> - plugin [vtsspp] was disabled because it doesn't support the given collection type.
87 [136780019918528] INFO perfrun.launcher <> - plugin [perf] was disabled because it doesn't support the given collection type.
87 [136780019918528] INFO perfrun.launcher <> - plugin [aoclprofile] was disabled because it doesn't support the given collection type.
87 [136780019918528] INFO perfrun.tpss <> - initialize tpss controller
87 [136780019918528] INFO perfrun.tpss <> - configure collection mode: value = cpu:stack
87 [136780019918528] INFO perfrun.tpss <> - default obj-size-min=1024
87 [136780019918528] INFO perfrun.tpss <> - default hash-table-size=0
87 [136780019918528] INFO perfrun.launcher <> - plugin [media] was disabled because it doesn't support the given collection type.
87 [136780019918528] INFO perfrun.launcher <> - plugin [] was disabled because it doesn't support the given collection type.
87 [136780019918528] INFO perfrun.launcher <> - plugin [] was disabled because it doesn't support the given collection type.
87 [136780019918528] INFO perfrun.launcher <> - plugin [parallelfs] was disabled because it doesn't support the given collection type.
87 [136780019918528] INFO perfrun.launcher <> - plugin [power] was disabled because it doesn't support the given collection type.
87 [136780019918528] INFO perfrun.launcher <> - plugin [] was disabled because it doesn't support the given collection type.
87 [136780019918528] INFO perfrun.launcher <> - plugin [] was disabled because it doesn't support the given collection type.
87 [136780019918528] INFO perfrun.launcher <> - plugin [] was disabled because it doesn't support the given collection type.
87 [136780019918528] INFO perfrun.launcher <> - plugin [l0_metrics] was disabled because it doesn't support the given collection type.
87 [136780019918528] INFO perfrun.launcher <> - plugin [stall_reasons] was disabled because it doesn't support the given collection type.
87 [136780180357824] INFO perfrun.launcher <> - set environment variable: LD_LIBRARY_PATH = /opt/intel/oneapi/vtune/2026.4/lib64/runtime:/opt/intel/oneapi/tcm/1.5/lib:/opt/intel/oneapi/umf/1.1/lib:/opt/intel/oneapi/tcm/1.5/env/../lib:/opt/intel/oneapi/tbb/2023.1/env/../lib/intel64/gcc4.8:/opt/intel/oneapi/pti/1.1/lib:/opt/intel/oneapi/mpi/2021.18/opt/mpi/libfabric/lib:/opt/intel/oneapi/mpi/2021.18/lib:/opt/intel/oneapi/mkl/2026.1/lib:/opt/intel/oneapi/ishmem/1.6/lib:/opt/intel/oneapi/ippcp/2026.0/lib/:/opt/intel/oneapi/ipp/2026.0/lib:/opt/intel/oneapi/dnnl/2026.0/lib:/opt/intel/oneapi/debugger/2026.1/opt/debugger/lib:/opt/intel/oneapi/dal/2026.1/lib:/opt/intel/oneapi/compiler/2025.3/opt/compiler/lib:/opt/intel/oneapi/compiler/2025.3/lib:/opt/intel/oneapi/ccl/2022.1/lib/
87 [136780180357824] INFO perfrun.launcher <> - set environment variable: INTEL_LIBITTNOTIFY64 = /opt/intel/oneapi/vtune/2026.4/lib64/runtime/libittnotify_collector.so
88 [136780180357824] INFO perfrun.launcher <> - set environment variable: INTEL_ITTNOTIFY_GROUPS = 
88 [136780180357824] INFO perfrun.launcher <> - set environment variable: INTEL_JIT_PROFILER64 = /opt/intel/oneapi/vtune/2026.4/lib64/runtime/libittnotify_collector.so
88 [136780180357824] INFO perfrun.launcher <> - set environment variable: CCL_ITT_LEVEL = 1
88 [136780180357824] INFO perfrun.launcher <> - set environment variable: ENABLE_JITPROFILING = 1
88 [136780180357824] INFO perfrun.launcher <> - set environment variable: CL_CONFIG_USE_VTUNE = True
88 [136780180357824] INFO perfrun.launcher <> - set environment variable: LD_PRELOAD = libittnotify_collector.so:
88 [136780180357824] INFO perfrun.launcher <> - set environment variable: KMP_FORKJOIN_FRAMES = 0
88 [136780180357824] INFO perfrun.launcher <> - set environment variable: KMP_FORKJOIN_FRAMES_MODE = 0
88 [136780180357824] INFO perfrun.launcher <> - set environment variable: INTEL_MRTE_DATA_DIR = /home/kol/OpenFOAM/kol-v2312/applications/PARALLELISM/NPB-Intel-MPI-Benchmarks-VTune-OpenFOAM-stack-My-github/iso3dfd_omp_offload/build/src/vtune_hotspots_mpi.kol-serv/data.10
88 [136780180357824] INFO perfrun.launcher <> - set environment variable: INTEL_MRTE_HOST_NAME = kol-serv
88 [136780180357824] INFO perfrun.launcher <> - set environment variable: JAVA_TOOL_OPTIONS = -agentlib:amplxe_samplingmrte_javaprof_1.0 -Dsun.boot.library.path=/opt/intel/oneapi/vtune/2026.4/lib64/runtime:/opt/intel/oneapi/vtune/2026.4/lib64/runtime
88 [136780180357824] INFO perfrun.launcher <> - set environment variable: LD_LIBRARY_PATH = /opt/intel/oneapi/vtune/2026.4/lib64/runtime:/opt/intel/oneapi/vtune/2026.4/lib64/runtime:/opt/intel/oneapi/tcm/1.5/lib:/opt/intel/oneapi/umf/1.1/lib:/opt/intel/oneapi/tcm/1.5/env/../lib:/opt/intel/oneapi/tbb/2023.1/env/../lib/intel64/gcc4.8:/opt/intel/oneapi/pti/1.1/lib:/opt/intel/oneapi/mpi/2021.18/opt/mpi/libfabric/lib:/opt/intel/oneapi/mpi/2021.18/lib:/opt/intel/oneapi/mkl/2026.1/lib:/opt/intel/oneapi/ishmem/1.6/lib:/opt/intel/oneapi/ippcp/2026.0/lib/:/opt/intel/oneapi/ipp/2026.0/lib:/opt/intel/oneapi/dnnl/2026.0/lib:/opt/intel/oneapi/debugger/2026.1/opt/debugger/lib:/opt/intel/oneapi/dal/2026.1/lib:/opt/intel/oneapi/compiler/2025.3/opt/compiler/lib:/opt/intel/oneapi/compiler/2025.3/lib:/opt/intel/oneapi/ccl/2022.1/lib/
88 [136780180357824] INFO perfrun.launcher <> - set environment variable: CORECLR_ENABLE_PROFILING = 1
88 [136780180357824] INFO perfrun.launcher <> - set environment variable: CORECLR_PROFILER = {AA5E4821-E3B1-479c-B7FF-5AD047D22CED}
88 [136780180357824] INFO perfrun.launcher <> - set environment variable: CORECLR_PROFILER_PATH = /opt/intel/oneapi/vtune/2026.4/lib64/libamplxe_samplingmrte_clrprof_1.0.so
88 [136780180357824] INFO perfrun.launcher <> - set environment variable: INTEL_MRTE_PROFILER_MODE = mixed
88 [136780180357824] INFO perfrun.launcher <> - RpcServer: run RPC server to handle requests
89 [136780180357824] INFO perfrun.launcher <> - Launcher: command line to start before modification = ./iso3dfd 256 256 256 16 8 64 100
89 [136780180357824] INFO perfrun.launcher <> - Launcher: command line to start after modification = /opt/intel/oneapi/vtune/2026.4/bin64/pin -error_file /home/kol/OpenFOAM/kol-v2312/applications/PARALLELISM/NPB-Intel-MPI-Benchmarks-VTune-OpenFOAM-stack-My-github/iso3dfd_omp_offload/build/src/vtune_hotspots_mpi.kol-serv/data.10/pinerr.tpsslog -detach_reattach -follow_execv -tool_load_option deepbind -t64 /opt/intel/oneapi/vtune/2026.4/lib64/libtpsstool.so -t /opt/intel/oneapi/vtune/2026.4/lib64/libtpsstool.so -server_name tpss_ipc.28203 -prd_dir /opt/intel/oneapi/vtune/2026.4 -- ./iso3dfd 256 256 256 16 8 64 100
89 [136780180357824] INFO perfrun.launcher <> - ProcessCreator object was created
90 [136780180357824] INFO perfrun.launcher <> - Launcher: the process was started in suspend mode
93 [136780019918528] WARN perfrun.system <> - Folder "/var/run/libvirt/qemu/"doesn't exist, at file: vcs/perfrun1/plugins/system/src/trace_writer.cpp:804
93 [136780019918528] INFO perfrun.itt <> - start itt controller for pid #28233
93 [136780019918528] INFO perfrun.tpss <> - start tpss controller for pid #28233
144 [136780180357824] INFO perfrun.launcher <> - Launcher: all plugins were started
144 [136780180357824] INFO perfrun.launcher <> - DirectoryMonitor object was created
144 [136780180357824] INFO perfrun.launcher <> - DirectoryMonitor: a callback was added
144 [136780180357824] INFO perfrun.launcher <> - DirectoryMonitor was started with pingTime = 1000
144 [136780180357824] INFO perfrun.launcher <> - DeadlineTimer is going to be constructed
144 [136780180357824] INFO perfrun.launcher <> - DeadlineTimer: a callback was added
145 [136780180357824] INFO perfrun.launcher <> - Launcher: resume the profiled application and  wait its termination or stop command
25597 [136780180357824] INFO perfrun.launcher <> - Launcher: the profiled application was terminated  with exit code = 0
25640 [136780019918528] INFO perfrun.itt <> - detach itt controller
25641 [136780019918528] INFO perfrun.itt <> - detach itt controller done
25641 [136780019918528] INFO perfrun.tpss <> - stop tpss controller
25641 [136780019918528] INFO perfrun.sdk <> - De-allocating TMU: /home/kol/OpenFOAM/kol-v2312/applications/PARALLELISM/NPB-Intel-MPI-Benchmarks-VTune-OpenFOAM-stack-My-github/iso3dfd_omp_offload/build/src/vtune_hotspots_mpi.kol-serv/data.10/systemcollector-28203-kol-serv.sc
25641 [136780019918528] INFO perfrun.system <> - closed the system trace file: /home/kol/OpenFOAM/kol-v2312/applications/PARALLELISM/NPB-Intel-MPI-Benchmarks-VTune-OpenFOAM-stack-My-github/iso3dfd_omp_offload/build/src/vtune_hotspots_mpi.kol-serv/data.10/systemcollector-28203-kol-serv.sc
25641 [136780180357824] INFO perfrun.launcher <> - Launcher: all plugins were stopped.
25641 [136780180357824] INFO perfrun.launcher <> - DeadlineTimer is going to be destroyed
25641 [136780180357824] INFO perfrun.launcher <> - DeadlineTimer was destroyed
25641 [136780180357824] INFO perfrun.launcher <> - DirectoryMonitor object was destroyed
25641 [136780180357824] WARN perfrun.launcher <> - Stop command is ignored because it is received when collection is already stopped, at file: vcs/perfrun1/launcher/src/command_handler.cpp:226
25641 [136780180357824] INFO perfrun.launcher <> - Application exit code: 0
25641 [136780180357824] INFO perfrun.launcher <> - Exit code: 0
